// Jest Snapshot v1, https://goo.gl/fbAQLP

exports[`Stats Component Should Be Render 1`] = `
<div>
  <h3
    class="stats__title"
  />
</div>
`;
