// Jest Snapshot v1, https://goo.gl/fbAQLP

exports[`Bread Crumbs Component Should Be Render 1`] = `
<div>
  <a />
</div>
`;
