// Jest Snapshot v1, https://goo.gl/fbAQLP

exports[`Pokemon Component Should Render 1`] = `
<div>
  <article
    class="relative contFigure"
  >
    <figure
      class="relative figure__pokemon"
    >
      <img
        alt="pokemon test"
        class="figure__pokemon-img"
        loading="lazy"
        src="https://raw.githubusercontent.com/PokeAPI/sprites/master/sprites/pokemon/other/dream-world/12.svg"
        title="test"
      />
      <figcaption
        class="figure__pokemon-figcaption"
      >
        <h2
          class="figure__pokemon-name"
        >
          test
        </h2>
        <button
          class="generic__button"
          type="button"
        />
      </figcaption>
    </figure>
    <div
      class="figure__pokemon-number absolute"
    >
      #
      12
    </div>
  </article>
</div>
`;
