// Jest Snapshot v1, https://goo.gl/fbAQLP

exports[`Home Page Should Render 1`] = `
<div>
  <section
    class="wrapperHome"
  >
    <ul
      class="wrapperHome__ul"
    >
      <li
        class="wrapperHome__ul-list"
      >
        <article
          class="relative contFigure"
        >
          <figure
            class="relative figure__pokemon"
          >
            <img
              alt="pokemon test"
              class="figure__pokemon-img"
              loading="lazy"
              src="https://raw.githubusercontent.com/PokeAPI/sprites/master/sprites/pokemon/other/dream-world/123.svg"
              title="test"
            />
            <figcaption
              class="figure__pokemon-figcaption"
            >
              <h2
                class="figure__pokemon-name"
              >
                test
              </h2>
              <button
                class="generic__button"
                type="button"
              >
                pokemon.button
              </button>
            </figcaption>
          </figure>
          <div
            class="figure__pokemon-number absolute"
          >
            #
            123
          </div>
        </article>
      </li>
    </ul>
  </section>
</div>
`;
