// Jest Snapshot v1, https://goo.gl/fbAQLP

exports[`Header Should Be Show Sub Menu Language 1`] = `
<div>
  <header
    class="header"
  >
    <section>
      <h1>
        <button
          class="header__sectionImg-button"
        >
          <img
            alt="Pokémon"
            class="header__sectionImg-img"
            src="[object Object]"
          />
        </button>
      </h1>
    </section>
    <aside
      class="relative"
    >
      <button
        aria-label="Change Language"
        class="header__changeLanguage-button"
      >
        <i
          class="icon-translate"
        />
        <i
          class="icon-arrow-down header__changeLanguage-arrow "
        />
      </button>
      <div
        class="absolute header__containerSelect "
      >
        <ul
          class="select__ul"
        >
          <li
            class="select__ul-list"
          >
            <button
              class="select__ul-button"
            >
              <span />
              es
            </button>
          </li>
          <li
            class="select__ul-list"
          >
            <button
              class="select__ul-button"
            >
              <span />
              en
            </button>
          </li>
        </ul>
      </div>
    </aside>
  </header>
</div>
`;

exports[`Header Should Render 1`] = `
<div>
  <header
    class="header"
  >
    <section>
      <h1>
        <button
          class="header__sectionImg-button"
        >
          <img
            alt="Pokémon"
            class="header__sectionImg-img"
            src="[object Object]"
          />
        </button>
      </h1>
    </section>
    <aside
      class="relative"
    >
      <button
        aria-label="Change Language"
        class="header__changeLanguage-button"
      >
        <i
          class="icon-translate"
        />
        <i
          class="icon-arrow-down header__changeLanguage-arrow "
        />
      </button>
      <div
        class="absolute header__containerSelect "
      >
        <ul
          class="select__ul"
        >
          <li
            class="select__ul-list"
          >
            <button
              class="select__ul-button"
            >
              <span />
              es
            </button>
          </li>
          <li
            class="select__ul-list"
          >
            <button
              class="select__ul-button"
            >
              <span />
              en
            </button>
          </li>
        </ul>
      </div>
    </aside>
  </header>
</div>
`;
