// Jest Snapshot v1, https://goo.gl/fbAQLP

exports[`SectionPokemon Component Should Be Render 1`] = `
<div>
  <section
    class="relative"
  >
    <figure
      class="pokemon"
    >
      <img
        alt=""
        class="pokemon__img"
        src="https://raw.githubusercontent.com/PokeAPI/sprites/master/sprites/pokemon/other/dream-world/12.svg"
      />
      <figcaption>
        <span
          class="pokemon__category"
        />
        <h2
          class="pokemon__name"
        />
      </figcaption>
    </figure>
    <div
      class="pokemon__number"
    >
      #
      12
    </div>
  </section>
</div>
`;
