// Jest Snapshot v1, https://goo.gl/fbAQLP

exports[`SectionPokemon Detail Provider Should Render 1`] = `
<div>
  <p />
</div>
`;
