// Jest Snapshot v1, https://goo.gl/fbAQLP

exports[`Pokemon Home Provider Should Render 1`] = `
<div>
  <p>
    test
  </p>
</div>
`;
